[2025-11-15 15:26:18] [INFO] 🚀 开始UR10e PPO训练实验
[2025-11-15 15:26:18] [INFO] 📋 配置: {'env': {'xml_path': '../universal_robots_ur10e/ur10e_mujoco/scene.xml', 'max_steps': 1000, 'dt': 0.01, 'enable_rendering': False, 'joint_limits': [[-3.14159, 3.14159], [-3.14159, 3.14159], [-3.14159, 3.14159], [-3.14159, 3.14159], [-3.14159, 3.14159], [-3.14159, 3.14159]], 'action_bound': 0.0189, 'target_pos_range': {'x': [0.3, 1.2], 'y': [-0.6, 0.6], 'z': [0.1, 0.8]}}, 'ppo': {'lr_actor': '3e-4', 'lr_critic': '1e-3', 'clip_eps': 0.2, 'gamma': 0.99, 'gae_lambda': 0.95, 'entropy_coef': 0.01, 'value_coef': 0.5, 'max_grad_norm': 0.5, 'epochs': 10, 'batch_size': 64}, 'reward': {'accuracy': {'weight': 10.0, 'sigma': 2.0, 'threshold': 0.005}, 'smoothness': {'weight': 0.1, 'lambda_vel': 1.0, 'lambda_acc': 0.5}, 'energy': {'weight': 0.01}, 'extra': {'success_reward': 10.0}}, 'decay_episode': {'enabled': True, 'initial_max_steps': 1000, 'min_max_steps': 200, 'success_threshold': 0.7, 'decay_window': 200, 'decay_step_size': 50}, 'train': {'max_episodes': 10000, 'save_interval': 500, 'log_interval': 100, 'eval_interval': 1000, 'rollout_length': 1000, 'checkpoint_dir': './checkpoints'}, 'value_normalization': {'enabled': True, 'beta': 0.995, 'epsilon': '1e-8', 'clip_range': 10.0}, 'evaluation': {'enabled': True, 'eval_episodes': 100, 'success_threshold': 0.005, 'metrics': ['success_rate', 'avg_episode_length', 'avg_reward', 'trajectory_smoothness', 'final_position_error']}, 'logging': {'use_tensorboard': False, 'tensorboard_dir': './logs', 'save_csv': True, 'csv_dir': './csv_output', 'save_plots': True, 'plot_dir': './plots', 'save_trajectories': True, 'trajectory_dir': './trajectories'}, 'seed': 42, 'device': {'gpu_id': 0, 'use_cuda': True}, 'debug': {'verbose': True, 'save_debug_info': False, 'debug_dir': './debug_output'}, 'advanced': {'gae': {'enabled': True, 'lambda': 0.95}, 'lr_scheduler': {'enabled': False, 'type': 'cosine', 'T_max': 10000}, 'prioritized_replay': {'enabled': False, 'alpha': 0.6, 'beta': 0.4}, 'network': {'actor_hidden_layers': [256, 256, 256], 'critic_hidden_layers': [256, 256, 256], 'activation': 'relu'}, 'regularization': {'dropout_rate': 0.1, 'weight_decay': 0.0}, 'replay_buffer': {'size': 100000}}}
[2025-11-15 15:26:18] [INFO] 🎯 状态空间: 25维, 动作空间: 6维
[2025-11-15 15:26:18] [INFO] 🔧 衰减回合机制: 启用
[2025-11-15 15:26:22] [ERROR] 训练错误: Expected parameter loc (Tensor of shape (64, 6)) of distribution Normal(loc: torch.Size([64, 6]), scale: torch.Size([64, 6])) to satisfy the constraint Real(), but found invalid values:
tensor([[nan, nan, nan, nan, nan, nan],
        [nan, nan, nan, nan, nan, nan],
        [nan, nan, nan, nan, nan, nan],
        [nan, nan, nan, nan, nan, nan],
        [nan, nan, nan, nan, nan, nan],
        [nan, nan, nan, nan, nan, nan],
        [nan, nan, nan, nan, nan, nan],
        [nan, nan, nan, nan, nan, nan],
        [nan, nan, nan, nan, nan, nan],
        [nan, nan, nan, nan, nan, nan],
        [nan, nan, nan, nan, nan, nan],
        [nan, nan, nan, nan, nan, nan],
        [nan, nan, nan, nan, nan, nan],
        [nan, nan, nan, nan, nan, nan],
        [nan, nan, nan, nan, nan, nan],
        [nan, nan, nan, nan, nan, nan],
        [nan, nan, nan, nan, nan, nan],
        [nan, nan, nan, nan, nan, nan],
        [nan, nan, nan, nan, nan, nan],
        [nan, nan, nan, nan, nan, nan],
        [nan, nan, nan, nan, nan, nan],
        [nan, nan, nan, nan, nan, nan],
        [nan, nan, nan, nan, nan, nan],
        [nan, nan, nan, nan, nan, nan],
        [nan, nan, nan, nan, nan, nan],
        [nan, nan, nan, nan, nan, nan],
        [nan, nan, nan, nan, nan, nan],
        [nan, nan, nan, nan, nan, nan],
        [nan, nan, nan, nan, nan, nan],
        [nan, nan, nan, nan, nan, nan],
        [nan, nan, nan, nan, nan, nan],
        [nan, nan, nan, nan, nan, nan],
        [nan, nan, nan, nan, nan, nan],
        [nan, nan, nan, nan, nan, nan],
        [nan, nan, nan, nan, nan, nan],
        [nan, nan, nan, nan, nan, nan],
        [nan, nan, nan, nan, nan, nan],
        [nan, nan, nan, nan, nan, nan],
        [nan, nan, nan, nan, nan, nan],
        [nan, nan, nan, nan, nan, nan],
        [nan, nan, nan, nan, nan, nan],
        [nan, nan, nan, nan, nan, nan],
        [nan, nan, nan, nan, nan, nan],
        [nan, nan, nan, nan, nan, nan],
        [nan, nan, nan, nan, nan, nan],
        [nan, nan, nan, nan, nan, nan],
        [nan, nan, nan, nan, nan, nan],
        [nan, nan, nan, nan, nan, nan],
        [nan, nan, nan, nan, nan, nan],
        [nan, nan, nan, nan, nan, nan],
        [nan, nan, nan, nan, nan, nan],
        [nan, nan, nan, nan, nan, nan],
        [nan, nan, nan, nan, nan, nan],
        [nan, nan, nan, nan, nan, nan],
        [nan, nan, nan, nan, nan, nan],
        [nan, nan, nan, nan, nan, nan],
        [nan, nan, nan, nan, nan, nan],
        [nan, nan, nan, nan, nan, nan],
        [nan, nan, nan, nan, nan, nan],
        [nan, nan, nan, nan, nan, nan],
        [nan, nan, nan, nan, nan, nan],
        [nan, nan, nan, nan, nan, nan],
        [nan, nan, nan, nan, nan, nan],
        [nan, nan, nan, nan, nan, nan]], device='cuda:0',
       grad_fn=<SliceBackward0>)
[2025-11-15 15:26:22] [ERROR] 错误详情: Traceback (most recent call last):
  File "/home/zar/Downloads/NavRL-main/ur5e_DDPG_trajectory_planning_template/ppo_ur10e/run.py", line 56, in main
    train_main()
  File "/home/zar/Downloads/NavRL-main/ur5e_DDPG_trajectory_planning_template/ppo_ur10e/train.py", line 297, in main
    update_stats = agent.update(
                   ^^^^^^^^^^^^^
  File "/home/zar/Downloads/NavRL-main/ur5e_DDPG_trajectory_planning_template/ppo_ur10e/ppo.py", line 374, in update
    new_log_probs, entropy = self.actor.evaluate_action(batch_states, batch_actions)
                             ^^^^^^^^^^^^^^^^^^^^^^^^^^^^^^^^^^^^^^^^^^^^^^^^^^^^^^^
  File "/home/zar/Downloads/NavRL-main/ur5e_DDPG_trajectory_planning_template/ppo_ur10e/ppo.py", line 194, in evaluate_action
    dist = torch.distributions.Normal(mean, std)
           ^^^^^^^^^^^^^^^^^^^^^^^^^^^^^^^^^^^^^
  File "/home/zar/anaconda3/envs/mujoco/lib/python3.12/site-packages/torch/distributions/normal.py", line 66, in __init__
    super().__init__(batch_shape, validate_args=validate_args)
  File "/home/zar/anaconda3/envs/mujoco/lib/python3.12/site-packages/torch/distributions/distribution.py", line 77, in __init__
    raise ValueError(
ValueError: Expected parameter loc (Tensor of shape (64, 6)) of distribution Normal(loc: torch.Size([64, 6]), scale: torch.Size([64, 6])) to satisfy the constraint Real(), but found invalid values:
tensor([[nan, nan, nan, nan, nan, nan],
        [nan, nan, nan, nan, nan, nan],
        [nan, nan, nan, nan, nan, nan],
        [nan, nan, nan, nan, nan, nan],
        [nan, nan, nan, nan, nan, nan],
        [nan, nan, nan, nan, nan, nan],
        [nan, nan, nan, nan, nan, nan],
        [nan, nan, nan, nan, nan, nan],
        [nan, nan, nan, nan, nan, nan],
        [nan, nan, nan, nan, nan, nan],
        [nan, nan, nan, nan, nan, nan],
        [nan, nan, nan, nan, nan, nan],
        [nan, nan, nan, nan, nan, nan],
        [nan, nan, nan, nan, nan, nan],
        [nan, nan, nan, nan, nan, nan],
        [nan, nan, nan, nan, nan, nan],
        [nan, nan, nan, nan, nan, nan],
        [nan, nan, nan, nan, nan, nan],
        [nan, nan, nan, nan, nan, nan],
        [nan, nan, nan, nan, nan, nan],
        [nan, nan, nan, nan, nan, nan],
        [nan, nan, nan, nan, nan, nan],
        [nan, nan, nan, nan, nan, nan],
        [nan, nan, nan, nan, nan, nan],
        [nan, nan, nan, nan, nan, nan],
        [nan, nan, nan, nan, nan, nan],
        [nan, nan, nan, nan, nan, nan],
        [nan, nan, nan, nan, nan, nan],
        [nan, nan, nan, nan, nan, nan],
        [nan, nan, nan, nan, nan, nan],
        [nan, nan, nan, nan, nan, nan],
        [nan, nan, nan, nan, nan, nan],
        [nan, nan, nan, nan, nan, nan],
        [nan, nan, nan, nan, nan, nan],
        [nan, nan, nan, nan, nan, nan],
        [nan, nan, nan, nan, nan, nan],
        [nan, nan, nan, nan, nan, nan],
        [nan, nan, nan, nan, nan, nan],
        [nan, nan, nan, nan, nan, nan],
        [nan, nan, nan, nan, nan, nan],
        [nan, nan, nan, nan, nan, nan],
        [nan, nan, nan, nan, nan, nan],
        [nan, nan, nan, nan, nan, nan],
        [nan, nan, nan, nan, nan, nan],
        [nan, nan, nan, nan, nan, nan],
        [nan, nan, nan, nan, nan, nan],
        [nan, nan, nan, nan, nan, nan],
        [nan, nan, nan, nan, nan, nan],
        [nan, nan, nan, nan, nan, nan],
        [nan, nan, nan, nan, nan, nan],
        [nan, nan, nan, nan, nan, nan],
        [nan, nan, nan, nan, nan, nan],
        [nan, nan, nan, nan, nan, nan],
        [nan, nan, nan, nan, nan, nan],
        [nan, nan, nan, nan, nan, nan],
        [nan, nan, nan, nan, nan, nan],
        [nan, nan, nan, nan, nan, nan],
        [nan, nan, nan, nan, nan, nan],
        [nan, nan, nan, nan, nan, nan],
        [nan, nan, nan, nan, nan, nan],
        [nan, nan, nan, nan, nan, nan],
        [nan, nan, nan, nan, nan, nan],
        [nan, nan, nan, nan, nan, nan],
        [nan, nan, nan, nan, nan, nan]], device='cuda:0',
       grad_fn=<SliceBackward0>)

